> Task :compileJava UP-TO-DATE
> Task :processResources UP-TO-DATE
> Task :classes UP-TO-DATE
> Task :resolveMainClassName UP-TO-DATE

> Task :bootRun

  .   ____          _            __ _ _
 /\\ / ___'_ __ _ _(_)_ __  __ _ \ \ \ \
( ( )\___ | '_ | '_| | '_ \/ _` | \ \ \ \
 \\/  ___)| |_)| | | | | || (_| |  ) ) ) )
  '  |____| .__|_| |_|_| |_\__, | / / / /
 =========|_|==============|___/=/_/_/_/

 :: Spring Boot ::                (v4.1.1)

2026-09-21T17:33:46.946+04:00  INFO 60384 --- [ingress-meeting] [           main] a.a.i.IngressMeetingApplication          : Starting IngressMeetingApplication using Java 25.0.3 with PID 60384 (/Users/mac/My Workspace/My projects/ingress-meeting/ingress-meeting/build/classes/java/main started by mac in /Users/mac/My Workspace/My projects/ingress-meeting/ingress-meeting)
2026-09-21T17:33:46.948+04:00  INFO 60384 --- [ingress-meeting] [           main] a.a.i.IngressMeetingApplication          : No active profile set, falling back to 1 default profile: "default"
2026-09-21T17:33:47.378+04:00  INFO 60384 --- [ingress-meeting] [           main] o.s.boot.tomcat.TomcatWebServer          : Tomcat initialized with port 8080 (http)
2026-09-21T17:33:47.385+04:00  INFO 60384 --- [ingress-meeting] [           main] o.apache.catalina.core.StandardService   : Starting service [Tomcat]
2026-09-21T17:33:47.385+04:00  INFO 60384 --- [ingress-meeting] [           main] o.apache.catalina.core.StandardEngine    : Starting Servlet engine: [Apache Tomcat/11.0.24]
2026-09-21T17:33:47.412+04:00  INFO 60384 --- [ingress-meeting] [           main] b.w.c.s.WebApplicationContextInitializer : Root WebApplicationContext: initialization completed in 436 ms
2026-09-21T17:33:47.807+04:00  INFO 60384 --- [ingress-meeting] [           main] o.s.boot.tomcat.TomcatWebServer          : Tomcat started on port 8080 (http) with context path '/'
2026-09-21T17:33:47.811+04:00  INFO 60384 --- [ingress-meeting] [           main] a.a.i.IngressMeetingApplication          : Started IngressMeetingApplication in 1.084 seconds (process running for 1.268)
2026-09-21T17:34:42.743+04:00  INFO 60384 --- [ingress-meeting] [nio-8080-exec-1] o.a.c.c.C.[Tomcat].[localhost].[/]       : Initializing Spring DispatcherServlet 'dispatcherServlet'
2026-09-21T17:34:42.744+04:00  INFO 60384 --- [ingress-meeting] [nio-8080-exec-1] o.s.web.servlet.DispatcherServlet        : Initializing Servlet 'dispatcherServlet'
2026-09-21T17:34:42.746+04:00  INFO 60384 --- [ingress-meeting] [nio-8080-exec-1] o.s.web.servlet.DispatcherServlet        : Completed initialization in 2 ms
2026-09-21T17:35:30.534+04:00  WARN 60384 --- [ingress-meeting] [nio-8080-exec-2] .w.s.m.s.DefaultHandlerExceptionResolver : Resolved [org.springframework.web.HttpRequestMethodNotSupportedException: Request method 'POST' is not supported]

> Task :bootRun FAILED

FAILURE: Build failed with an exception.

* What went wrong:
Execution failed for task ':bootRun' (registered by plugin 'org.springframework.boot').
> Process 'command '/Users/mac/Library/Java/JavaVirtualMachines/ms-25.0.3/Contents/Home/bin/java'' finished with non-zero exit value 137 (this value may indicate that the process was terminated with the SIGKILL signal, which is often caused by the system running out of memory)

* Try:
> Run with --stacktrace option to get the stack trace.
> Run with --info or --debug option to get more log output.
> Run with --scan to get full insights from a Build Scan (powered by Develocity).
> Get more help at https://help.gradle.org.

BUILD FAILED in 4m 58s
4 actionable tasks: 1 executed, 3 up-to-date
